// Jest Snapshot v1, https://goo.gl/fbAQLP

exports[`App Welcome component Welcome component renders correctlly 1`] = `ShallowWrapper {}`;
