// Jest Snapshot v1, https://goo.gl/fbAQLP

exports[`App SearchBox component App searchbox renders correctly 1`] = `ShallowWrapper {}`;
